01:52:55 **** Incremental Build of configuration Debug for project Base_FreeRTOS_Org ****
make -j12 all 
arm-none-eabi-gcc "../Src/main2.c" -mcpu=cortex-m4 -std=gnu11 -g3 -DDEBUG -DNUCLEO_F411RE -DSTM32 -DSTM32F4 -DSTM32F411RETx -DSTM32F411xE=1 -c -I"D:/Archivos, documentos Universidad/Fundamentos de robotica/Repositorio/Fun_de_Robotica_repositorio/Base_FreeRTOS_Org/ThirdParty/FreeRTOS/include" -I"D:/Archivos, documentos Universidad/Fundamentos de robotica/Repositorio/Fun_de_Robotica_repositorio/Base_FreeRTOS_Org/ThirdParty/FreeRTOS/portable/GCC/ARM_CM4F" -I"D:/Archivos, documentos Universidad/Fundamentos de robotica/Repositorio/Fun_de_Robotica_repositorio/Base_FreeRTOS_Org/ThirdParty/SEGGER/Config" -I"D:/Archivos, documentos Universidad/Fundamentos de robotica/Repositorio/Fun_de_Robotica_repositorio/Base_FreeRTOS_Org/ThirdParty/SEGGER/OS" -I"D:/Archivos, documentos Universidad/Fundamentos de robotica/Repositorio/Fun_de_Robotica_repositorio/Base_FreeRTOS_Org/ThirdParty/SEGGER/SEGGER" -I"D:/Archivos, documentos Universidad/Fundamentos de robotica/Repositorio/Fun_de_Robotica_repositorio/Base_FreeRTOS_Org/Inc" -I"D:/Archivos, documentos Universidad/Fundamentos de robotica/Repositorio/Fun_de_Robotica_repositorio/PeripheralDriver/Inc" -I"D:/Archivos, documentos Universidad/Fundamentos de robotica/Repositorio/Fun_de_Robotica_repositorio//STM32Cube_FW_F4_V1.27.0/Drivers/CMSIS/Device/ST/STM32F4xx/Include" -I"D:/Archivos, documentos Universidad/Fundamentos de robotica/Repositorio/Fun_de_Robotica_repositorio//STM32Cube_FW_F4_V1.27.0/Drivers/CMSIS/Core/Include" -O0 -ffunction-sections -fdata-sections -Wall -fstack-usage -MMD -MP -MF"Src/main2.d" -MT"Src/main2.o" --specs=nano.specs -mfpu=fpv4-sp-d16 -mfloat-abi=hard -mthumb -o "Src/main2.o"
arm-none-eabi-gcc -o "Base_FreeRTOS_Org.elf" @"objects.list"  -lPeripheralDriver -mcpu=cortex-m4 -T"D:\Archivos, documentos Universidad\Fundamentos de robotica\Repositorio\Fun_de_Robotica_repositorio\Base_FreeRTOS_Org\STM32F411RETX_FLASH.ld" --specs=nosys.specs -Wl,-Map="Base_FreeRTOS_Org.map" -Wl,--gc-sections -static -L"D:\Archivos, documentos Universidad\Fundamentos de robotica\Repositorio\Fun_de_Robotica_repositorio/PeripheralDriver/Debug" --specs=nano.specs -mfpu=fpv4-sp-d16 -mfloat-abi=hard -mthumb -Wl,--start-group -lc -lm -Wl,--end-group
Finished building target: Base_FreeRTOS_Org.elf
 
arm-none-eabi-size   Base_FreeRTOS_Org.elf 
arm-none-eabi-objdump -h -S  Base_FreeRTOS_Org.elf  > "Base_FreeRTOS_Org.list"
   text	   data	    bss	    dec	    hex	filename
  50320	    148	  79624	 130092	  1fc2c	Base_FreeRTOS_Org.elf
Finished building: default.size.stdout
 
Finished building: Base_FreeRTOS_Org.list
 

01:52:56 Build Finished. 0 errors, 0 warnings. (took 712ms)

