22:35:11 **** Incremental Build of configuration Debug for project Base_FreeRTOS ****
make -j12 all 
arm-none-eabi-gcc "../ThirdParty/FreeRTOS/portable/MemMang/heap_4.c" -mcpu=cortex-m4 -std=gnu11 -g3 -DDEBUG -DNUCLEO_F411RE -DSTM32 -DSTM32F4 -DSTM32F411RETx -DSTM32F411xE=1 -c -I"/home/juan/FundamentosDeRobotica/Fun_de_Robotica_repositorio/Base_FreeRTOS/ThirdParty/FreeRTOS/include" -I"/home/juan/FundamentosDeRobotica/Fun_de_Robotica_repositorio/Base_FreeRTOS/ThirdParty/FreeRTOS/portable/GCC/ARM_CM4F" -I"/home/juan/FundamentosDeRobotica/Fun_de_Robotica_repositorio/Base_FreeRTOS/ThirdParty/SEGGER/Config" -I"/home/juan/FundamentosDeRobotica/Fun_de_Robotica_repositorio/Base_FreeRTOS/ThirdParty/SEGGER/OS" -I"/home/juan/FundamentosDeRobotica/Fun_de_Robotica_repositorio/Base_FreeRTOS/ThirdParty/SEGGER/SEGGER" -I"/home/juan/FundamentosDeRobotica/Fun_de_Robotica_repositorio/Base_FreeRTOS/Inc" -I"/home/juan/FundamentosDeRobotica/Fun_de_Robotica_repositorio/PeripheralDriver/Inc" -I/home/juan/FundamentosDeRobotica/Fun_de_Robotica_repositorio//STM32Cube_FW_F4_V1.27.0/Drivers/CMSIS/Device/ST/STM32F4xx/Include -I/home/juan/FundamentosDeRobotica/Fun_de_Robotica_repositorio//STM32Cube_FW_F4_V1.27.0/Drivers/CMSIS/Core/Include -O0 -ffunction-sections -fdata-sections -Wall -fstack-usage -MMD -MP -MF"ThirdParty/FreeRTOS/portable/MemMang/heap_4.d" -MT"ThirdParty/FreeRTOS/portable/MemMang/heap_4.o" --specs=nano.specs -mfpu=fpv4-sp-d16 -mfloat-abi=hard -mthumb -o "ThirdParty/FreeRTOS/portable/MemMang/heap_4.o"
arm-none-eabi-gcc "../ThirdParty/FreeRTOS/portable/GCC/ARM_CM4F/port.c" -mcpu=cortex-m4 -std=gnu11 -g3 -DDEBUG -DNUCLEO_F411RE -DSTM32 -DSTM32F4 -DSTM32F411RETx -DSTM32F411xE=1 -c -I"/home/juan/FundamentosDeRobotica/Fun_de_Robotica_repositorio/Base_FreeRTOS/ThirdParty/FreeRTOS/include" -I"/home/juan/FundamentosDeRobotica/Fun_de_Robotica_repositorio/Base_FreeRTOS/ThirdParty/FreeRTOS/portable/GCC/ARM_CM4F" -I"/home/juan/FundamentosDeRobotica/Fun_de_Robotica_repositorio/Base_FreeRTOS/ThirdParty/SEGGER/Config" -I"/home/juan/FundamentosDeRobotica/Fun_de_Robotica_repositorio/Base_FreeRTOS/ThirdParty/SEGGER/OS" -I"/home/juan/FundamentosDeRobotica/Fun_de_Robotica_repositorio/Base_FreeRTOS/ThirdParty/SEGGER/SEGGER" -I"/home/juan/FundamentosDeRobotica/Fun_de_Robotica_repositorio/Base_FreeRTOS/Inc" -I"/home/juan/FundamentosDeRobotica/Fun_de_Robotica_repositorio/PeripheralDriver/Inc" -I/home/juan/FundamentosDeRobotica/Fun_de_Robotica_repositorio//STM32Cube_FW_F4_V1.27.0/Drivers/CMSIS/Device/ST/STM32F4xx/Include -I/home/juan/FundamentosDeRobotica/Fun_de_Robotica_repositorio//STM32Cube_FW_F4_V1.27.0/Drivers/CMSIS/Core/Include -O0 -ffunction-sections -fdata-sections -Wall -fstack-usage -MMD -MP -MF"ThirdParty/FreeRTOS/portable/GCC/ARM_CM4F/port.d" -MT"ThirdParty/FreeRTOS/portable/GCC/ARM_CM4F/port.o" --specs=nano.specs -mfpu=fpv4-sp-d16 -mfloat-abi=hard -mthumb -o "ThirdParty/FreeRTOS/portable/GCC/ARM_CM4F/port.o"
arm-none-eabi-gcc "../ThirdParty/FreeRTOS/croutine.c" -mcpu=cortex-m4 -std=gnu11 -g3 -DDEBUG -DNUCLEO_F411RE -DSTM32 -DSTM32F4 -DSTM32F411RETx -DSTM32F411xE=1 -c -I"/home/juan/FundamentosDeRobotica/Fun_de_Robotica_repositorio/Base_FreeRTOS/ThirdParty/FreeRTOS/include" -I"/home/juan/FundamentosDeRobotica/Fun_de_Robotica_repositorio/Base_FreeRTOS/ThirdParty/FreeRTOS/portable/GCC/ARM_CM4F" -I"/home/juan/FundamentosDeRobotica/Fun_de_Robotica_repositorio/Base_FreeRTOS/ThirdParty/SEGGER/Config" -I"/home/juan/FundamentosDeRobotica/Fun_de_Robotica_repositorio/Base_FreeRTOS/ThirdParty/SEGGER/OS" -I"/home/juan/FundamentosDeRobotica/Fun_de_Robotica_repositorio/Base_FreeRTOS/ThirdParty/SEGGER/SEGGER" -I"/home/juan/FundamentosDeRobotica/Fun_de_Robotica_repositorio/Base_FreeRTOS/Inc" -I"/home/juan/FundamentosDeRobotica/Fun_de_Robotica_repositorio/PeripheralDriver/Inc" -I/home/juan/FundamentosDeRobotica/Fun_de_Robotica_repositorio//STM32Cube_FW_F4_V1.27.0/Drivers/CMSIS/Device/ST/STM32F4xx/Include -I/home/juan/FundamentosDeRobotica/Fun_de_Robotica_repositorio//STM32Cube_FW_F4_V1.27.0/Drivers/CMSIS/Core/Include -O0 -ffunction-sections -fdata-sections -Wall -fstack-usage -MMD -MP -MF"ThirdParty/FreeRTOS/croutine.d" -MT"ThirdParty/FreeRTOS/croutine.o" --specs=nano.specs -mfpu=fpv4-sp-d16 -mfloat-abi=hard -mthumb -o "ThirdParty/FreeRTOS/croutine.o"
arm-none-eabi-gcc "../ThirdParty/FreeRTOS/event_groups.c" -mcpu=cortex-m4 -std=gnu11 -g3 -DDEBUG -DNUCLEO_F411RE -DSTM32 -DSTM32F4 -DSTM32F411RETx -DSTM32F411xE=1 -c -I"/home/juan/FundamentosDeRobotica/Fun_de_Robotica_repositorio/Base_FreeRTOS/ThirdParty/FreeRTOS/include" -I"/home/juan/FundamentosDeRobotica/Fun_de_Robotica_repositorio/Base_FreeRTOS/ThirdParty/FreeRTOS/portable/GCC/ARM_CM4F" -I"/home/juan/FundamentosDeRobotica/Fun_de_Robotica_repositorio/Base_FreeRTOS/ThirdParty/SEGGER/Config" -I"/home/juan/FundamentosDeRobotica/Fun_de_Robotica_repositorio/Base_FreeRTOS/ThirdParty/SEGGER/OS" -I"/home/juan/FundamentosDeRobotica/Fun_de_Robotica_repositorio/Base_FreeRTOS/ThirdParty/SEGGER/SEGGER" -I"/home/juan/FundamentosDeRobotica/Fun_de_Robotica_repositorio/Base_FreeRTOS/Inc" -I"/home/juan/FundamentosDeRobotica/Fun_de_Robotica_repositorio/PeripheralDriver/Inc" -I/home/juan/FundamentosDeRobotica/Fun_de_Robotica_repositorio//STM32Cube_FW_F4_V1.27.0/Drivers/CMSIS/Device/ST/STM32F4xx/Include -I/home/juan/FundamentosDeRobotica/Fun_de_Robotica_repositorio//STM32Cube_FW_F4_V1.27.0/Drivers/CMSIS/Core/Include -O0 -ffunction-sections -fdata-sections -Wall -fstack-usage -MMD -MP -MF"ThirdParty/FreeRTOS/event_groups.d" -MT"ThirdParty/FreeRTOS/event_groups.o" --specs=nano.specs -mfpu=fpv4-sp-d16 -mfloat-abi=hard -mthumb -o "ThirdParty/FreeRTOS/event_groups.o"
arm-none-eabi-gcc "../ThirdParty/FreeRTOS/list.c" -mcpu=cortex-m4 -std=gnu11 -g3 -DDEBUG -DNUCLEO_F411RE -DSTM32 -DSTM32F4 -DSTM32F411RETx -DSTM32F411xE=1 -c -I"/home/juan/FundamentosDeRobotica/Fun_de_Robotica_repositorio/Base_FreeRTOS/ThirdParty/FreeRTOS/include" -I"/home/juan/FundamentosDeRobotica/Fun_de_Robotica_repositorio/Base_FreeRTOS/ThirdParty/FreeRTOS/portable/GCC/ARM_CM4F" -I"/home/juan/FundamentosDeRobotica/Fun_de_Robotica_repositorio/Base_FreeRTOS/ThirdParty/SEGGER/Config" -I"/home/juan/FundamentosDeRobotica/Fun_de_Robotica_repositorio/Base_FreeRTOS/ThirdParty/SEGGER/OS" -I"/home/juan/FundamentosDeRobotica/Fun_de_Robotica_repositorio/Base_FreeRTOS/ThirdParty/SEGGER/SEGGER" -I"/home/juan/FundamentosDeRobotica/Fun_de_Robotica_repositorio/Base_FreeRTOS/Inc" -I"/home/juan/FundamentosDeRobotica/Fun_de_Robotica_repositorio/PeripheralDriver/Inc" -I/home/juan/FundamentosDeRobotica/Fun_de_Robotica_repositorio//STM32Cube_FW_F4_V1.27.0/Drivers/CMSIS/Device/ST/STM32F4xx/Include -I/home/juan/FundamentosDeRobotica/Fun_de_Robotica_repositorio//STM32Cube_FW_F4_V1.27.0/Drivers/CMSIS/Core/Include -O0 -ffunction-sections -fdata-sections -Wall -fstack-usage -MMD -MP -MF"ThirdParty/FreeRTOS/list.d" -MT"ThirdParty/FreeRTOS/list.o" --specs=nano.specs -mfpu=fpv4-sp-d16 -mfloat-abi=hard -mthumb -o "ThirdParty/FreeRTOS/list.o"
arm-none-eabi-gcc "../ThirdParty/FreeRTOS/queue.c" -mcpu=cortex-m4 -std=gnu11 -g3 -DDEBUG -DNUCLEO_F411RE -DSTM32 -DSTM32F4 -DSTM32F411RETx -DSTM32F411xE=1 -c -I"/home/juan/FundamentosDeRobotica/Fun_de_Robotica_repositorio/Base_FreeRTOS/ThirdParty/FreeRTOS/include" -I"/home/juan/FundamentosDeRobotica/Fun_de_Robotica_repositorio/Base_FreeRTOS/ThirdParty/FreeRTOS/portable/GCC/ARM_CM4F" -I"/home/juan/FundamentosDeRobotica/Fun_de_Robotica_repositorio/Base_FreeRTOS/ThirdParty/SEGGER/Config" -I"/home/juan/FundamentosDeRobotica/Fun_de_Robotica_repositorio/Base_FreeRTOS/ThirdParty/SEGGER/OS" -I"/home/juan/FundamentosDeRobotica/Fun_de_Robotica_repositorio/Base_FreeRTOS/ThirdParty/SEGGER/SEGGER" -I"/home/juan/FundamentosDeRobotica/Fun_de_Robotica_repositorio/Base_FreeRTOS/Inc" -I"/home/juan/FundamentosDeRobotica/Fun_de_Robotica_repositorio/PeripheralDriver/Inc" -I/home/juan/FundamentosDeRobotica/Fun_de_Robotica_repositorio//STM32Cube_FW_F4_V1.27.0/Drivers/CMSIS/Device/ST/STM32F4xx/Include -I/home/juan/FundamentosDeRobotica/Fun_de_Robotica_repositorio//STM32Cube_FW_F4_V1.27.0/Drivers/CMSIS/Core/Include -O0 -ffunction-sections -fdata-sections -Wall -fstack-usage -MMD -MP -MF"ThirdParty/FreeRTOS/queue.d" -MT"ThirdParty/FreeRTOS/queue.o" --specs=nano.specs -mfpu=fpv4-sp-d16 -mfloat-abi=hard -mthumb -o "ThirdParty/FreeRTOS/queue.o"
arm-none-eabi-gcc "../ThirdParty/FreeRTOS/stream_buffer.c" -mcpu=cortex-m4 -std=gnu11 -g3 -DDEBUG -DNUCLEO_F411RE -DSTM32 -DSTM32F4 -DSTM32F411RETx -DSTM32F411xE=1 -c -I"/home/juan/FundamentosDeRobotica/Fun_de_Robotica_repositorio/Base_FreeRTOS/ThirdParty/FreeRTOS/include" -I"/home/juan/FundamentosDeRobotica/Fun_de_Robotica_repositorio/Base_FreeRTOS/ThirdParty/FreeRTOS/portable/GCC/ARM_CM4F" -I"/home/juan/FundamentosDeRobotica/Fun_de_Robotica_repositorio/Base_FreeRTOS/ThirdParty/SEGGER/Config" -I"/home/juan/FundamentosDeRobotica/Fun_de_Robotica_repositorio/Base_FreeRTOS/ThirdParty/SEGGER/OS" -I"/home/juan/FundamentosDeRobotica/Fun_de_Robotica_repositorio/Base_FreeRTOS/ThirdParty/SEGGER/SEGGER" -I"/home/juan/FundamentosDeRobotica/Fun_de_Robotica_repositorio/Base_FreeRTOS/Inc" -I"/home/juan/FundamentosDeRobotica/Fun_de_Robotica_repositorio/PeripheralDriver/Inc" -I/home/juan/FundamentosDeRobotica/Fun_de_Robotica_repositorio//STM32Cube_FW_F4_V1.27.0/Drivers/CMSIS/Device/ST/STM32F4xx/Include -I/home/juan/FundamentosDeRobotica/Fun_de_Robotica_repositorio//STM32Cube_FW_F4_V1.27.0/Drivers/CMSIS/Core/Include -O0 -ffunction-sections -fdata-sections -Wall -fstack-usage -MMD -MP -MF"ThirdParty/FreeRTOS/stream_buffer.d" -MT"ThirdParty/FreeRTOS/stream_buffer.o" --specs=nano.specs -mfpu=fpv4-sp-d16 -mfloat-abi=hard -mthumb -o "ThirdParty/FreeRTOS/stream_buffer.o"
arm-none-eabi-gcc "../ThirdParty/FreeRTOS/tasks.c" -mcpu=cortex-m4 -std=gnu11 -g3 -DDEBUG -DNUCLEO_F411RE -DSTM32 -DSTM32F4 -DSTM32F411RETx -DSTM32F411xE=1 -c -I"/home/juan/FundamentosDeRobotica/Fun_de_Robotica_repositorio/Base_FreeRTOS/ThirdParty/FreeRTOS/include" -I"/home/juan/FundamentosDeRobotica/Fun_de_Robotica_repositorio/Base_FreeRTOS/ThirdParty/FreeRTOS/portable/GCC/ARM_CM4F" -I"/home/juan/FundamentosDeRobotica/Fun_de_Robotica_repositorio/Base_FreeRTOS/ThirdParty/SEGGER/Config" -I"/home/juan/FundamentosDeRobotica/Fun_de_Robotica_repositorio/Base_FreeRTOS/ThirdParty/SEGGER/OS" -I"/home/juan/FundamentosDeRobotica/Fun_de_Robotica_repositorio/Base_FreeRTOS/ThirdParty/SEGGER/SEGGER" -I"/home/juan/FundamentosDeRobotica/Fun_de_Robotica_repositorio/Base_FreeRTOS/Inc" -I"/home/juan/FundamentosDeRobotica/Fun_de_Robotica_repositorio/PeripheralDriver/Inc" -I/home/juan/FundamentosDeRobotica/Fun_de_Robotica_repositorio//STM32Cube_FW_F4_V1.27.0/Drivers/CMSIS/Device/ST/STM32F4xx/Include -I/home/juan/FundamentosDeRobotica/Fun_de_Robotica_repositorio//STM32Cube_FW_F4_V1.27.0/Drivers/CMSIS/Core/Include -O0 -ffunction-sections -fdata-sections -Wall -fstack-usage -MMD -MP -MF"ThirdParty/FreeRTOS/tasks.d" -MT"ThirdParty/FreeRTOS/tasks.o" --specs=nano.specs -mfpu=fpv4-sp-d16 -mfloat-abi=hard -mthumb -o "ThirdParty/FreeRTOS/tasks.o"
arm-none-eabi-gcc "../ThirdParty/FreeRTOS/timers.c" -mcpu=cortex-m4 -std=gnu11 -g3 -DDEBUG -DNUCLEO_F411RE -DSTM32 -DSTM32F4 -DSTM32F411RETx -DSTM32F411xE=1 -c -I"/home/juan/FundamentosDeRobotica/Fun_de_Robotica_repositorio/Base_FreeRTOS/ThirdParty/FreeRTOS/include" -I"/home/juan/FundamentosDeRobotica/Fun_de_Robotica_repositorio/Base_FreeRTOS/ThirdParty/FreeRTOS/portable/GCC/ARM_CM4F" -I"/home/juan/FundamentosDeRobotica/Fun_de_Robotica_repositorio/Base_FreeRTOS/ThirdParty/SEGGER/Config" -I"/home/juan/FundamentosDeRobotica/Fun_de_Robotica_repositorio/Base_FreeRTOS/ThirdParty/SEGGER/OS" -I"/home/juan/FundamentosDeRobotica/Fun_de_Robotica_repositorio/Base_FreeRTOS/ThirdParty/SEGGER/SEGGER" -I"/home/juan/FundamentosDeRobotica/Fun_de_Robotica_repositorio/Base_FreeRTOS/Inc" -I"/home/juan/FundamentosDeRobotica/Fun_de_Robotica_repositorio/PeripheralDriver/Inc" -I/home/juan/FundamentosDeRobotica/Fun_de_Robotica_repositorio//STM32Cube_FW_F4_V1.27.0/Drivers/CMSIS/Device/ST/STM32F4xx/Include -I/home/juan/FundamentosDeRobotica/Fun_de_Robotica_repositorio//STM32Cube_FW_F4_V1.27.0/Drivers/CMSIS/Core/Include -O0 -ffunction-sections -fdata-sections -Wall -fstack-usage -MMD -MP -MF"ThirdParty/FreeRTOS/timers.d" -MT"ThirdParty/FreeRTOS/timers.o" --specs=nano.specs -mfpu=fpv4-sp-d16 -mfloat-abi=hard -mthumb -o "ThirdParty/FreeRTOS/timers.o"
arm-none-eabi-gcc "../Src/main2.c" -mcpu=cortex-m4 -std=gnu11 -g3 -DDEBUG -DNUCLEO_F411RE -DSTM32 -DSTM32F4 -DSTM32F411RETx -DSTM32F411xE=1 -c -I"/home/juan/FundamentosDeRobotica/Fun_de_Robotica_repositorio/Base_FreeRTOS/ThirdParty/FreeRTOS/include" -I"/home/juan/FundamentosDeRobotica/Fun_de_Robotica_repositorio/Base_FreeRTOS/ThirdParty/FreeRTOS/portable/GCC/ARM_CM4F" -I"/home/juan/FundamentosDeRobotica/Fun_de_Robotica_repositorio/Base_FreeRTOS/ThirdParty/SEGGER/Config" -I"/home/juan/FundamentosDeRobotica/Fun_de_Robotica_repositorio/Base_FreeRTOS/ThirdParty/SEGGER/OS" -I"/home/juan/FundamentosDeRobotica/Fun_de_Robotica_repositorio/Base_FreeRTOS/ThirdParty/SEGGER/SEGGER" -I"/home/juan/FundamentosDeRobotica/Fun_de_Robotica_repositorio/Base_FreeRTOS/Inc" -I"/home/juan/FundamentosDeRobotica/Fun_de_Robotica_repositorio/PeripheralDriver/Inc" -I/home/juan/FundamentosDeRobotica/Fun_de_Robotica_repositorio//STM32Cube_FW_F4_V1.27.0/Drivers/CMSIS/Device/ST/STM32F4xx/Include -I/home/juan/FundamentosDeRobotica/Fun_de_Robotica_repositorio//STM32Cube_FW_F4_V1.27.0/Drivers/CMSIS/Core/Include -O0 -ffunction-sections -fdata-sections -Wall -fstack-usage -MMD -MP -MF"Src/main2.d" -MT"Src/main2.o" --specs=nano.specs -mfpu=fpv4-sp-d16 -mfloat-abi=hard -mthumb -o "Src/main2.o"
arm-none-eabi-gcc "../Src/syscalls.c" -mcpu=cortex-m4 -std=gnu11 -g3 -DDEBUG -DNUCLEO_F411RE -DSTM32 -DSTM32F4 -DSTM32F411RETx -DSTM32F411xE=1 -c -I"/home/juan/FundamentosDeRobotica/Fun_de_Robotica_repositorio/Base_FreeRTOS/ThirdParty/FreeRTOS/include" -I"/home/juan/FundamentosDeRobotica/Fun_de_Robotica_repositorio/Base_FreeRTOS/ThirdParty/FreeRTOS/portable/GCC/ARM_CM4F" -I"/home/juan/FundamentosDeRobotica/Fun_de_Robotica_repositorio/Base_FreeRTOS/ThirdParty/SEGGER/Config" -I"/home/juan/FundamentosDeRobotica/Fun_de_Robotica_repositorio/Base_FreeRTOS/ThirdParty/SEGGER/OS" -I"/home/juan/FundamentosDeRobotica/Fun_de_Robotica_repositorio/Base_FreeRTOS/ThirdParty/SEGGER/SEGGER" -I"/home/juan/FundamentosDeRobotica/Fun_de_Robotica_repositorio/Base_FreeRTOS/Inc" -I"/home/juan/FundamentosDeRobotica/Fun_de_Robotica_repositorio/PeripheralDriver/Inc" -I/home/juan/FundamentosDeRobotica/Fun_de_Robotica_repositorio//STM32Cube_FW_F4_V1.27.0/Drivers/CMSIS/Device/ST/STM32F4xx/Include -I/home/juan/FundamentosDeRobotica/Fun_de_Robotica_repositorio//STM32Cube_FW_F4_V1.27.0/Drivers/CMSIS/Core/Include -O0 -ffunction-sections -fdata-sections -Wall -fstack-usage -MMD -MP -MF"Src/syscalls.d" -MT"Src/syscalls.o" --specs=nano.specs -mfpu=fpv4-sp-d16 -mfloat-abi=hard -mthumb -o "Src/syscalls.o"
arm-none-eabi-gcc -o "Base_FreeRTOS.elf" @"objects.list"  -lPeripheralDriver -mcpu=cortex-m4 -T"/home/juan/FundamentosDeRobotica/Fun_de_Robotica_repositorio/Base_FreeRTOS/STM32F411RETX_FLASH.ld" --specs=nosys.specs -Wl,-Map="Base_FreeRTOS.map" -Wl,--gc-sections -static -L/home/juan/FundamentosDeRobotica/Fun_de_Robotica_repositorio/PeripheralDriver/Debug --specs=nano.specs -mfpu=fpv4-sp-d16 -mfloat-abi=hard -mthumb -Wl,--start-group -lc -lm -Wl,--end-group
Finished building target: Base_FreeRTOS.elf
 
arm-none-eabi-size   Base_FreeRTOS.elf 
arm-none-eabi-objdump -h -S  Base_FreeRTOS.elf  > "Base_FreeRTOS.list"
   text	   data	    bss	    dec	    hex	filename
  50320	    148	  79624	 130092	  1fc2c	Base_FreeRTOS.elf
Finished building: default.size.stdout
 
Finished building: Base_FreeRTOS.list
 

22:35:12 Build Finished. 0 errors, 0 warnings. (took 604ms)

