00:00:15 **** Incremental Build of configuration Debug for project Free_Astar_Oppy ****
make -j12 all 
arm-none-eabi-gcc "../Src/main4.c" -mcpu=cortex-m4 -std=gnu11 -g3 -DDEBUG -DNUCLEO_F411RE -DSTM32 -DSTM32F4 -DSTM32F411RETx -DSTM32F411xE=1 -c -I"/home/juan/FundamentosDeRobotica/Fun_de_Robotica_repositorio/Free_Astar_Oppy/ThirdParty/FreeRTOS/include" -I"/home/juan/FundamentosDeRobotica/Fun_de_Robotica_repositorio/Free_Astar_Oppy/ThirdParty/FreeRTOS/portable/GCC/ARM_CM4F" -I"/home/juan/FundamentosDeRobotica/Fun_de_Robotica_repositorio/Free_Astar_Oppy/ThirdParty/SEGGER/Config" -I"/home/juan/FundamentosDeRobotica/Fun_de_Robotica_repositorio/Free_Astar_Oppy/ThirdParty/SEGGER/OS" -I"/home/juan/FundamentosDeRobotica/Fun_de_Robotica_repositorio/Free_Astar_Oppy/ThirdParty/SEGGER/SEGGER" -I"/home/juan/FundamentosDeRobotica/Fun_de_Robotica_repositorio/Free_Astar_Oppy/Inc" -I"/home/juan/FundamentosDeRobotica/Fun_de_Robotica_repositorio/PeripheralDriver/Inc" -I"/home/juan/FundamentosDeRobotica/Fun_de_Robotica_repositorio/STM32Cube_FW_F4_V1.27.0/Drivers/CMSIS/Device/ST/STM32F4xx/Include" -I"/home/juan/FundamentosDeRobotica/Fun_de_Robotica_repositorio/STM32Cube_FW_F4_V1.27.0/Drivers/CMSIS/Core/Include" -O0 -ffunction-sections -fdata-sections -Wall -fstack-usage -MMD -MP -MF"Src/main4.d" -MT"Src/main4.o" --specs=nano.specs -mfpu=fpv4-sp-d16 -mfloat-abi=hard -mthumb -o "Src/main4.o"
arm-none-eabi-gcc -o "Free_Astar_Oppy.elf" @"objects.list"  -lPeripheralDriver -mcpu=cortex-m4 -T"/home/juan/FundamentosDeRobotica/Fun_de_Robotica_repositorio/Free_Astar_Oppy/STM32F411RETX_FLASH.ld" --specs=nosys.specs -Wl,-Map="Free_Astar_Oppy.map" -Wl,--gc-sections -static -L/home/juan/FundamentosDeRobotica/Fun_de_Robotica_repositorio/PeripheralDriver/Debug --specs=nano.specs -mfpu=fpv4-sp-d16 -mfloat-abi=hard -mthumb -Wl,--start-group -lc -lm -Wl,--end-group
Finished building target: Free_Astar_Oppy.elf
 
arm-none-eabi-size   Free_Astar_Oppy.elf 
arm-none-eabi-objdump -h -S  Free_Astar_Oppy.elf  > "Free_Astar_Oppy.list"
   text	   data	    bss	    dec	    hex	filename
  36000	    124	  79136	 115260	  1c23c	Free_Astar_Oppy.elf
Finished building: default.size.stdout
 
Finished building: Free_Astar_Oppy.list
 

00:00:16 Build Finished. 0 errors, 0 warnings. (took 676ms)

