15:37:26 **** Incremental Build of configuration Debug for project Pruebas_sin_FreeRTOS ****
make -j12 all 
arm-none-eabi-size   Pruebas_sin_FreeRTOS.elf 
   text	   data	    bss	    dec	    hex	filename
  39344	    488	   2448	  42280	   a528	Pruebas_sin_FreeRTOS.elf
Finished building: default.size.stdout
 
15:44:39 **** Incremental Build of configuration Debug for project Pruebas_sin_FreeRTOS ****
make -j12 all 
arm-none-eabi-size   Pruebas_sin_FreeRTOS.elf 
   text	   data	    bss	    dec	    hex	filename
  39344	    488	   2448	  42280	   a528	Pruebas_sin_FreeRTOS.elf
Finished building: default.size.stdout
 
15:45:35 **** Incremental Build of configuration Debug for project Pruebas_sin_FreeRTOS ****
make -j12 all 
arm-none-eabi-size   Pruebas_sin_FreeRTOS.elf 
   text	   data	    bss	    dec	    hex	filename
  39344	    488	   2448	  42280	   a528	Pruebas_sin_FreeRTOS.elf
Finished building: default.size.stdout
 
15:46:44 **** Incremental Build of configuration Debug for project Pruebas_sin_FreeRTOS ****
make -j12 all 
arm-none-eabi-gcc "../Src/main.c" -mcpu=cortex-m4 -std=gnu11 -g3 -DDEBUG -DNUCLEO_F411RE -DSTM32 -DSTM32F4 -DSTM32F411RETx -DSTM32F411xE=1 -c -I"/home/juan/FundamentosDeRobotica/Fun_de_Robotica_repositorio/Pruebas_sin_FreeRTOS/ThirdParty/FreeRTOS/include" -I"/home/juan/FundamentosDeRobotica/Fun_de_Robotica_repositorio/Pruebas_sin_FreeRTOS/ThirdParty/FreeRTOS/portable/GCC/ARM_CM4F" -I"/home/juan/FundamentosDeRobotica/Fun_de_Robotica_repositorio/Pruebas_sin_FreeRTOS/ThirdParty/SEGGER/Config" -I"/home/juan/FundamentosDeRobotica/Fun_de_Robotica_repositorio/Pruebas_sin_FreeRTOS/ThirdParty/SEGGER/OS" -I"/home/juan/FundamentosDeRobotica/Fun_de_Robotica_repositorio/Pruebas_sin_FreeRTOS/ThirdParty/SEGGER/SEGGER" -I"/home/juan/FundamentosDeRobotica/Fun_de_Robotica_repositorio/Pruebas_sin_FreeRTOS/Inc" -I/home/juan/FundamentosDeRobotica/Fun_de_Robotica_repositorio/STM32Cube_FW_F4_V1.27.0/Drivers/CMSIS/Device/ST/STM32F4xx/Include -I/home/juan/FundamentosDeRobotica/Fun_de_Robotica_repositorio/STM32Cube_FW_F4_V1.27.0/Drivers/CMSIS/Core/Include -I/home/juan/FundamentosDeRobotica/Fun_de_Robotica_repositorio/PeripheralDriver/Inc -O0 -ffunction-sections -fdata-sections -Wall -fstack-usage -MMD -MP -MF"Src/main.d" -MT"Src/main.o" --specs=nano.specs -mfpu=fpv4-sp-d16 -mfloat-abi=hard -mthumb -o "Src/main.o"
arm-none-eabi-gcc -o "Pruebas_sin_FreeRTOS.elf" @"objects.list"  -lPeripheralDriver -mcpu=cortex-m4 -T"/home/juan/FundamentosDeRobotica/Fun_de_Robotica_repositorio/Pruebas_sin_FreeRTOS/STM32F411RETX_FLASH.ld" --specs=nosys.specs -Wl,-Map="Pruebas_sin_FreeRTOS.map" -Wl,--gc-sections -static -L"/home/juan/FundamentosDeRobotica/Fun_de_Robotica_repositorio/PeripheralDriver/Debug" --specs=nano.specs -mfpu=fpv4-sp-d16 -mfloat-abi=hard -mthumb -u _printf_float -Wl,--start-group -lc -lm -Wl,--end-group
Finished building target: Pruebas_sin_FreeRTOS.elf
 
arm-none-eabi-size   Pruebas_sin_FreeRTOS.elf 
arm-none-eabi-objdump -h -S  Pruebas_sin_FreeRTOS.elf  > "Pruebas_sin_FreeRTOS.list"
   text	   data	    bss	    dec	    hex	filename
  39344	    488	   2448	  42280	   a528	Pruebas_sin_FreeRTOS.elf
Finished building: default.size.stdout
 
Finished building: Pruebas_sin_FreeRTOS.list
 
