01:06:02 **** Incremental Build of configuration Debug for project Prueba_Astar ****
make -j12 all 
arm-none-eabi-gcc "../Src/main.c" -mcpu=cortex-m4 -std=gnu11 -g3 -DDEBUG -DNUCLEO_F411RE -DSTM32 -DSTM32F4 -DSTM32F411RETx -DSTM32F411xE=1 -c -I"/home/juan/FundamentosDeRobotica/Fun_de_Robotica_repositorio/Prueba_Astar/ThirdParty/FreeRTOS/include" -I"/home/juan/FundamentosDeRobotica/Fun_de_Robotica_repositorio/Prueba_Astar/ThirdParty/FreeRTOS/portable/GCC/ARM_CM4F" -I"/home/juan/FundamentosDeRobotica/Fun_de_Robotica_repositorio/Prueba_Astar/ThirdParty/SEGGER/Config" -I"/home/juan/FundamentosDeRobotica/Fun_de_Robotica_repositorio/Prueba_Astar/ThirdParty/SEGGER/OS" -I"/home/juan/FundamentosDeRobotica/Fun_de_Robotica_repositorio/Prueba_Astar/ThirdParty/SEGGER/SEGGER" -I"/home/juan/FundamentosDeRobotica/Fun_de_Robotica_repositorio/Prueba_Astar/Inc" -I/home/juan/FundamentosDeRobotica/Fun_de_Robotica_repositorio/STM32Cube_FW_F4_V1.27.0/Drivers/CMSIS/Device/ST/STM32F4xx/Include -I/home/juan/FundamentosDeRobotica/Fun_de_Robotica_repositorio/STM32Cube_FW_F4_V1.27.0/Drivers/CMSIS/Core/Include -I"/home/juan/FundamentosDeRobotica/Fun_de_Robotica_repositorio/PeripheralDriver/Inc" -O0 -ffunction-sections -fdata-sections -Wall -fstack-usage -MMD -MP -MF"Src/main.d" -MT"Src/main.o" --specs=nano.specs -mfpu=fpv4-sp-d16 -mfloat-abi=hard -mthumb -o "Src/main.o"
arm-none-eabi-gcc -o "Prueba_Astar.elf" @"objects.list"  -lPeripheralDriver -mcpu=cortex-m4 -T"/home/juan/FundamentosDeRobotica/Fun_de_Robotica_repositorio/Prueba_Astar/STM32F411RETX_FLASH.ld" --specs=nosys.specs -Wl,-Map="Prueba_Astar.map" -Wl,--gc-sections -static -L/home/juan/FundamentosDeRobotica/Fun_de_Robotica_repositorio/PeripheralDriver/Debug --specs=nano.specs -mfpu=fpv4-sp-d16 -mfloat-abi=hard -mthumb -u _printf_float -Wl,--start-group -lc -lm -Wl,--end-group
Finished building target: Prueba_Astar.elf
 
arm-none-eabi-size   Prueba_Astar.elf 
arm-none-eabi-objdump -h -S  Prueba_Astar.elf  > "Prueba_Astar.list"
   text	   data	    bss	    dec	    hex	filename
  33728	    480	   4832	  39040	   9880	Prueba_Astar.elf
Finished building: default.size.stdout
 
Finished building: Prueba_Astar.list
 
01:06:05 **** Incremental Build of configuration Debug for project Prueba_Astar ****
make -j12 all 
arm-none-eabi-size   Prueba_Astar.elf 
   text	   data	    bss	    dec	    hex	filename
  33728	    480	   4832	  39040	   9880	Prueba_Astar.elf
Finished building: default.size.stdout
 
