15:37:33 **** Incremental Build of configuration Debug for project PeripheralDriver ****
make clean all 
rm -rf ./Src/AdcDriver.d ./Src/AdcDriver.o ./Src/AdcDriver.su ./Src/BasicTimer.d ./Src/BasicTimer.o ./Src/BasicTimer.su ./Src/CaptureFreqDriver.d ./Src/CaptureFreqDriver.o ./Src/CaptureFreqDriver.su ./Src/EXTIDriver.d ./Src/EXTIDriver.o ./Src/EXTIDriver.su ./Src/FPUDriver.d ./Src/FPUDriver.o ./Src/FPUDriver.su ./Src/GPIOxDriver.d ./Src/GPIOxDriver.o ./Src/GPIOxDriver.su ./Src/I2CDriver.d ./Src/I2CDriver.o ./Src/I2CDriver.su ./Src/MPUAccel.d ./Src/MPUAccel.o ./Src/MPUAccel.su ./Src/MotorsDriver.d ./Src/MotorsDriver.o ./Src/MotorsDriver.su ./Src/OLEDDriver.d ./Src/OLEDDriver.o ./Src/OLEDDriver.su ./Src/PIDDriver.d ./Src/PIDDriver.o ./Src/PIDDriver.su ./Src/PwmDriver.d ./Src/PwmDriver.o ./Src/PwmDriver.su ./Src/RCCHunMHz.d ./Src/RCCHunMHz.o ./Src/RCCHunMHz.su ./Src/RTCDriver.d ./Src/RTCDriver.o ./Src/RTCDriver.su ./Src/SPIDriver.d ./Src/SPIDriver.o ./Src/SPIDriver.su ./Src/SysTickDriver.d ./Src/SysTickDriver.o ./Src/SysTickDriver.su ./Src/USARTxDriver.d ./Src/USARTxDriver.o ./Src/USARTxDriver.su ./Src/syscalls.d ./Src/syscalls.o ./Src/syscalls.su ./Src/sysmem.d ./Src/sysmem.o ./Src/sysmem.su
rm -rf libPeripheralDriver.a
 
arm-none-eabi-gcc "../Src/AdcDriver.c" -mcpu=cortex-m4 -std=gnu11 -g3 -DDEBUG -DNUCLEO_F411RE -DSTM32 -DSTM32F4 -DSTM32F411RETx -DSTM32F411xE -c -I"/home/juan/FundamentosDeRobotica/Fun_de_Robotica_repositorio/PeripheralDriver/Inc" -I/home/juan/FundamentosDeRobotica/Fun_de_Robotica_repositorio/STM32Cube_FW_F4_V1.27.0/Drivers/CMSIS/Device/ST/STM32F4xx/Include -I/home/juan/FundamentosDeRobotica/Fun_de_Robotica_repositorio/STM32Cube_FW_F4_V1.27.0/Drivers/CMSIS/Core/Include -O0 -ffunction-sections -fdata-sections -Wall -fstack-usage -MMD -MP -MF"Src/AdcDriver.d" -MT"Src/AdcDriver.o" --specs=nano.specs -mfloat-abi=hard -mthumb -o "Src/AdcDriver.o"
arm-none-eabi-gcc "../Src/BasicTimer.c" -mcpu=cortex-m4 -std=gnu11 -g3 -DDEBUG -DNUCLEO_F411RE -DSTM32 -DSTM32F4 -DSTM32F411RETx -DSTM32F411xE -c -I"/home/juan/FundamentosDeRobotica/Fun_de_Robotica_repositorio/PeripheralDriver/Inc" -I/home/juan/FundamentosDeRobotica/Fun_de_Robotica_repositorio/STM32Cube_FW_F4_V1.27.0/Drivers/CMSIS/Device/ST/STM32F4xx/Include -I/home/juan/FundamentosDeRobotica/Fun_de_Robotica_repositorio/STM32Cube_FW_F4_V1.27.0/Drivers/CMSIS/Core/Include -O0 -ffunction-sections -fdata-sections -Wall -fstack-usage -MMD -MP -MF"Src/BasicTimer.d" -MT"Src/BasicTimer.o" --specs=nano.specs -mfloat-abi=hard -mthumb -o "Src/BasicTimer.o"
arm-none-eabi-gcc "../Src/CaptureFreqDriver.c" -mcpu=cortex-m4 -std=gnu11 -g3 -DDEBUG -DNUCLEO_F411RE -DSTM32 -DSTM32F4 -DSTM32F411RETx -DSTM32F411xE -c -I"/home/juan/FundamentosDeRobotica/Fun_de_Robotica_repositorio/PeripheralDriver/Inc" -I/home/juan/FundamentosDeRobotica/Fun_de_Robotica_repositorio/STM32Cube_FW_F4_V1.27.0/Drivers/CMSIS/Device/ST/STM32F4xx/Include -I/home/juan/FundamentosDeRobotica/Fun_de_Robotica_repositorio/STM32Cube_FW_F4_V1.27.0/Drivers/CMSIS/Core/Include -O0 -ffunction-sections -fdata-sections -Wall -fstack-usage -MMD -MP -MF"Src/CaptureFreqDriver.d" -MT"Src/CaptureFreqDriver.o" --specs=nano.specs -mfloat-abi=hard -mthumb -o "Src/CaptureFreqDriver.o"
arm-none-eabi-gcc "../Src/EXTIDriver.c" -mcpu=cortex-m4 -std=gnu11 -g3 -DDEBUG -DNUCLEO_F411RE -DSTM32 -DSTM32F4 -DSTM32F411RETx -DSTM32F411xE -c -I"/home/juan/FundamentosDeRobotica/Fun_de_Robotica_repositorio/PeripheralDriver/Inc" -I/home/juan/FundamentosDeRobotica/Fun_de_Robotica_repositorio/STM32Cube_FW_F4_V1.27.0/Drivers/CMSIS/Device/ST/STM32F4xx/Include -I/home/juan/FundamentosDeRobotica/Fun_de_Robotica_repositorio/STM32Cube_FW_F4_V1.27.0/Drivers/CMSIS/Core/Include -O0 -ffunction-sections -fdata-sections -Wall -fstack-usage -MMD -MP -MF"Src/EXTIDriver.d" -MT"Src/EXTIDriver.o" --specs=nano.specs -mfloat-abi=hard -mthumb -o "Src/EXTIDriver.o"
arm-none-eabi-gcc "../Src/FPUDriver.c" -mcpu=cortex-m4 -std=gnu11 -g3 -DDEBUG -DNUCLEO_F411RE -DSTM32 -DSTM32F4 -DSTM32F411RETx -DSTM32F411xE -c -I"/home/juan/FundamentosDeRobotica/Fun_de_Robotica_repositorio/PeripheralDriver/Inc" -I/home/juan/FundamentosDeRobotica/Fun_de_Robotica_repositorio/STM32Cube_FW_F4_V1.27.0/Drivers/CMSIS/Device/ST/STM32F4xx/Include -I/home/juan/FundamentosDeRobotica/Fun_de_Robotica_repositorio/STM32Cube_FW_F4_V1.27.0/Drivers/CMSIS/Core/Include -O0 -ffunction-sections -fdata-sections -Wall -fstack-usage -MMD -MP -MF"Src/FPUDriver.d" -MT"Src/FPUDriver.o" --specs=nano.specs -mfloat-abi=hard -mthumb -o "Src/FPUDriver.o"
arm-none-eabi-gcc "../Src/GPIOxDriver.c" -mcpu=cortex-m4 -std=gnu11 -g3 -DDEBUG -DNUCLEO_F411RE -DSTM32 -DSTM32F4 -DSTM32F411RETx -DSTM32F411xE -c -I"/home/juan/FundamentosDeRobotica/Fun_de_Robotica_repositorio/PeripheralDriver/Inc" -I/home/juan/FundamentosDeRobotica/Fun_de_Robotica_repositorio/STM32Cube_FW_F4_V1.27.0/Drivers/CMSIS/Device/ST/STM32F4xx/Include -I/home/juan/FundamentosDeRobotica/Fun_de_Robotica_repositorio/STM32Cube_FW_F4_V1.27.0/Drivers/CMSIS/Core/Include -O0 -ffunction-sections -fdata-sections -Wall -fstack-usage -MMD -MP -MF"Src/GPIOxDriver.d" -MT"Src/GPIOxDriver.o" --specs=nano.specs -mfloat-abi=hard -mthumb -o "Src/GPIOxDriver.o"
arm-none-eabi-gcc "../Src/I2CDriver.c" -mcpu=cortex-m4 -std=gnu11 -g3 -DDEBUG -DNUCLEO_F411RE -DSTM32 -DSTM32F4 -DSTM32F411RETx -DSTM32F411xE -c -I"/home/juan/FundamentosDeRobotica/Fun_de_Robotica_repositorio/PeripheralDriver/Inc" -I/home/juan/FundamentosDeRobotica/Fun_de_Robotica_repositorio/STM32Cube_FW_F4_V1.27.0/Drivers/CMSIS/Device/ST/STM32F4xx/Include -I/home/juan/FundamentosDeRobotica/Fun_de_Robotica_repositorio/STM32Cube_FW_F4_V1.27.0/Drivers/CMSIS/Core/Include -O0 -ffunction-sections -fdata-sections -Wall -fstack-usage -MMD -MP -MF"Src/I2CDriver.d" -MT"Src/I2CDriver.o" --specs=nano.specs -mfloat-abi=hard -mthumb -o "Src/I2CDriver.o"
arm-none-eabi-gcc "../Src/MPUAccel.c" -mcpu=cortex-m4 -std=gnu11 -g3 -DDEBUG -DNUCLEO_F411RE -DSTM32 -DSTM32F4 -DSTM32F411RETx -DSTM32F411xE -c -I"/home/juan/FundamentosDeRobotica/Fun_de_Robotica_repositorio/PeripheralDriver/Inc" -I/home/juan/FundamentosDeRobotica/Fun_de_Robotica_repositorio/STM32Cube_FW_F4_V1.27.0/Drivers/CMSIS/Device/ST/STM32F4xx/Include -I/home/juan/FundamentosDeRobotica/Fun_de_Robotica_repositorio/STM32Cube_FW_F4_V1.27.0/Drivers/CMSIS/Core/Include -O0 -ffunction-sections -fdata-sections -Wall -fstack-usage -MMD -MP -MF"Src/MPUAccel.d" -MT"Src/MPUAccel.o" --specs=nano.specs -mfloat-abi=hard -mthumb -o "Src/MPUAccel.o"
arm-none-eabi-gcc "../Src/MotorsDriver.c" -mcpu=cortex-m4 -std=gnu11 -g3 -DDEBUG -DNUCLEO_F411RE -DSTM32 -DSTM32F4 -DSTM32F411RETx -DSTM32F411xE -c -I"/home/juan/FundamentosDeRobotica/Fun_de_Robotica_repositorio/PeripheralDriver/Inc" -I/home/juan/FundamentosDeRobotica/Fun_de_Robotica_repositorio/STM32Cube_FW_F4_V1.27.0/Drivers/CMSIS/Device/ST/STM32F4xx/Include -I/home/juan/FundamentosDeRobotica/Fun_de_Robotica_repositorio/STM32Cube_FW_F4_V1.27.0/Drivers/CMSIS/Core/Include -O0 -ffunction-sections -fdata-sections -Wall -fstack-usage -MMD -MP -MF"Src/MotorsDriver.d" -MT"Src/MotorsDriver.o" --specs=nano.specs -mfloat-abi=hard -mthumb -o "Src/MotorsDriver.o"
arm-none-eabi-gcc "../Src/OLEDDriver.c" -mcpu=cortex-m4 -std=gnu11 -g3 -DDEBUG -DNUCLEO_F411RE -DSTM32 -DSTM32F4 -DSTM32F411RETx -DSTM32F411xE -c -I"/home/juan/FundamentosDeRobotica/Fun_de_Robotica_repositorio/PeripheralDriver/Inc" -I/home/juan/FundamentosDeRobotica/Fun_de_Robotica_repositorio/STM32Cube_FW_F4_V1.27.0/Drivers/CMSIS/Device/ST/STM32F4xx/Include -I/home/juan/FundamentosDeRobotica/Fun_de_Robotica_repositorio/STM32Cube_FW_F4_V1.27.0/Drivers/CMSIS/Core/Include -O0 -ffunction-sections -fdata-sections -Wall -fstack-usage -MMD -MP -MF"Src/OLEDDriver.d" -MT"Src/OLEDDriver.o" --specs=nano.specs -mfloat-abi=hard -mthumb -o "Src/OLEDDriver.o"
arm-none-eabi-gcc "../Src/PIDDriver.c" -mcpu=cortex-m4 -std=gnu11 -g3 -DDEBUG -DNUCLEO_F411RE -DSTM32 -DSTM32F4 -DSTM32F411RETx -DSTM32F411xE -c -I"/home/juan/FundamentosDeRobotica/Fun_de_Robotica_repositorio/PeripheralDriver/Inc" -I/home/juan/FundamentosDeRobotica/Fun_de_Robotica_repositorio/STM32Cube_FW_F4_V1.27.0/Drivers/CMSIS/Device/ST/STM32F4xx/Include -I/home/juan/FundamentosDeRobotica/Fun_de_Robotica_repositorio/STM32Cube_FW_F4_V1.27.0/Drivers/CMSIS/Core/Include -O0 -ffunction-sections -fdata-sections -Wall -fstack-usage -MMD -MP -MF"Src/PIDDriver.d" -MT"Src/PIDDriver.o" --specs=nano.specs -mfloat-abi=hard -mthumb -o "Src/PIDDriver.o"
arm-none-eabi-gcc "../Src/PwmDriver.c" -mcpu=cortex-m4 -std=gnu11 -g3 -DDEBUG -DNUCLEO_F411RE -DSTM32 -DSTM32F4 -DSTM32F411RETx -DSTM32F411xE -c -I"/home/juan/FundamentosDeRobotica/Fun_de_Robotica_repositorio/PeripheralDriver/Inc" -I/home/juan/FundamentosDeRobotica/Fun_de_Robotica_repositorio/STM32Cube_FW_F4_V1.27.0/Drivers/CMSIS/Device/ST/STM32F4xx/Include -I/home/juan/FundamentosDeRobotica/Fun_de_Robotica_repositorio/STM32Cube_FW_F4_V1.27.0/Drivers/CMSIS/Core/Include -O0 -ffunction-sections -fdata-sections -Wall -fstack-usage -MMD -MP -MF"Src/PwmDriver.d" -MT"Src/PwmDriver.o" --specs=nano.specs -mfloat-abi=hard -mthumb -o "Src/PwmDriver.o"
arm-none-eabi-gcc "../Src/RCCHunMHz.c" -mcpu=cortex-m4 -std=gnu11 -g3 -DDEBUG -DNUCLEO_F411RE -DSTM32 -DSTM32F4 -DSTM32F411RETx -DSTM32F411xE -c -I"/home/juan/FundamentosDeRobotica/Fun_de_Robotica_repositorio/PeripheralDriver/Inc" -I/home/juan/FundamentosDeRobotica/Fun_de_Robotica_repositorio/STM32Cube_FW_F4_V1.27.0/Drivers/CMSIS/Device/ST/STM32F4xx/Include -I/home/juan/FundamentosDeRobotica/Fun_de_Robotica_repositorio/STM32Cube_FW_F4_V1.27.0/Drivers/CMSIS/Core/Include -O0 -ffunction-sections -fdata-sections -Wall -fstack-usage -MMD -MP -MF"Src/RCCHunMHz.d" -MT"Src/RCCHunMHz.o" --specs=nano.specs -mfloat-abi=hard -mthumb -o "Src/RCCHunMHz.o"
arm-none-eabi-gcc "../Src/RTCDriver.c" -mcpu=cortex-m4 -std=gnu11 -g3 -DDEBUG -DNUCLEO_F411RE -DSTM32 -DSTM32F4 -DSTM32F411RETx -DSTM32F411xE -c -I"/home/juan/FundamentosDeRobotica/Fun_de_Robotica_repositorio/PeripheralDriver/Inc" -I/home/juan/FundamentosDeRobotica/Fun_de_Robotica_repositorio/STM32Cube_FW_F4_V1.27.0/Drivers/CMSIS/Device/ST/STM32F4xx/Include -I/home/juan/FundamentosDeRobotica/Fun_de_Robotica_repositorio/STM32Cube_FW_F4_V1.27.0/Drivers/CMSIS/Core/Include -O0 -ffunction-sections -fdata-sections -Wall -fstack-usage -MMD -MP -MF"Src/RTCDriver.d" -MT"Src/RTCDriver.o" --specs=nano.specs -mfloat-abi=hard -mthumb -o "Src/RTCDriver.o"
arm-none-eabi-gcc "../Src/SPIDriver.c" -mcpu=cortex-m4 -std=gnu11 -g3 -DDEBUG -DNUCLEO_F411RE -DSTM32 -DSTM32F4 -DSTM32F411RETx -DSTM32F411xE -c -I"/home/juan/FundamentosDeRobotica/Fun_de_Robotica_repositorio/PeripheralDriver/Inc" -I/home/juan/FundamentosDeRobotica/Fun_de_Robotica_repositorio/STM32Cube_FW_F4_V1.27.0/Drivers/CMSIS/Device/ST/STM32F4xx/Include -I/home/juan/FundamentosDeRobotica/Fun_de_Robotica_repositorio/STM32Cube_FW_F4_V1.27.0/Drivers/CMSIS/Core/Include -O0 -ffunction-sections -fdata-sections -Wall -fstack-usage -MMD -MP -MF"Src/SPIDriver.d" -MT"Src/SPIDriver.o" --specs=nano.specs -mfloat-abi=hard -mthumb -o "Src/SPIDriver.o"
arm-none-eabi-gcc "../Src/SysTickDriver.c" -mcpu=cortex-m4 -std=gnu11 -g3 -DDEBUG -DNUCLEO_F411RE -DSTM32 -DSTM32F4 -DSTM32F411RETx -DSTM32F411xE -c -I"/home/juan/FundamentosDeRobotica/Fun_de_Robotica_repositorio/PeripheralDriver/Inc" -I/home/juan/FundamentosDeRobotica/Fun_de_Robotica_repositorio/STM32Cube_FW_F4_V1.27.0/Drivers/CMSIS/Device/ST/STM32F4xx/Include -I/home/juan/FundamentosDeRobotica/Fun_de_Robotica_repositorio/STM32Cube_FW_F4_V1.27.0/Drivers/CMSIS/Core/Include -O0 -ffunction-sections -fdata-sections -Wall -fstack-usage -MMD -MP -MF"Src/SysTickDriver.d" -MT"Src/SysTickDriver.o" --specs=nano.specs -mfloat-abi=hard -mthumb -o "Src/SysTickDriver.o"
arm-none-eabi-gcc "../Src/USARTxDriver.c" -mcpu=cortex-m4 -std=gnu11 -g3 -DDEBUG -DNUCLEO_F411RE -DSTM32 -DSTM32F4 -DSTM32F411RETx -DSTM32F411xE -c -I"/home/juan/FundamentosDeRobotica/Fun_de_Robotica_repositorio/PeripheralDriver/Inc" -I/home/juan/FundamentosDeRobotica/Fun_de_Robotica_repositorio/STM32Cube_FW_F4_V1.27.0/Drivers/CMSIS/Device/ST/STM32F4xx/Include -I/home/juan/FundamentosDeRobotica/Fun_de_Robotica_repositorio/STM32Cube_FW_F4_V1.27.0/Drivers/CMSIS/Core/Include -O0 -ffunction-sections -fdata-sections -Wall -fstack-usage -MMD -MP -MF"Src/USARTxDriver.d" -MT"Src/USARTxDriver.o" --specs=nano.specs -mfloat-abi=hard -mthumb -o "Src/USARTxDriver.o"
arm-none-eabi-gcc "../Src/syscalls.c" -mcpu=cortex-m4 -std=gnu11 -g3 -DDEBUG -DNUCLEO_F411RE -DSTM32 -DSTM32F4 -DSTM32F411RETx -DSTM32F411xE -c -I"/home/juan/FundamentosDeRobotica/Fun_de_Robotica_repositorio/PeripheralDriver/Inc" -I/home/juan/FundamentosDeRobotica/Fun_de_Robotica_repositorio/STM32Cube_FW_F4_V1.27.0/Drivers/CMSIS/Device/ST/STM32F4xx/Include -I/home/juan/FundamentosDeRobotica/Fun_de_Robotica_repositorio/STM32Cube_FW_F4_V1.27.0/Drivers/CMSIS/Core/Include -O0 -ffunction-sections -fdata-sections -Wall -fstack-usage -MMD -MP -MF"Src/syscalls.d" -MT"Src/syscalls.o" --specs=nano.specs -mfloat-abi=hard -mthumb -o "Src/syscalls.o"
arm-none-eabi-gcc "../Src/sysmem.c" -mcpu=cortex-m4 -std=gnu11 -g3 -DDEBUG -DNUCLEO_F411RE -DSTM32 -DSTM32F4 -DSTM32F411RETx -DSTM32F411xE -c -I"/home/juan/FundamentosDeRobotica/Fun_de_Robotica_repositorio/PeripheralDriver/Inc" -I/home/juan/FundamentosDeRobotica/Fun_de_Robotica_repositorio/STM32Cube_FW_F4_V1.27.0/Drivers/CMSIS/Device/ST/STM32F4xx/Include -I/home/juan/FundamentosDeRobotica/Fun_de_Robotica_repositorio/STM32Cube_FW_F4_V1.27.0/Drivers/CMSIS/Core/Include -O0 -ffunction-sections -fdata-sections -Wall -fstack-usage -MMD -MP -MF"Src/sysmem.d" -MT"Src/sysmem.o" --specs=nano.specs -mfloat-abi=hard -mthumb -o "Src/sysmem.o"
arm-none-eabi-ar -r  "libPeripheralDriver.a" @"objects.list"  
arm-none-eabi-ar: creating libPeripheralDriver.a
Finished building target: libPeripheralDriver.a
 
15:37:39 **** Incremental Build of configuration Debug for project PeripheralDriver ****
make clean all 
rm -rf ./Src/AdcDriver.d ./Src/AdcDriver.o ./Src/AdcDriver.su ./Src/BasicTimer.d ./Src/BasicTimer.o ./Src/BasicTimer.su ./Src/CaptureFreqDriver.d ./Src/CaptureFreqDriver.o ./Src/CaptureFreqDriver.su ./Src/EXTIDriver.d ./Src/EXTIDriver.o ./Src/EXTIDriver.su ./Src/FPUDriver.d ./Src/FPUDriver.o ./Src/FPUDriver.su ./Src/GPIOxDriver.d ./Src/GPIOxDriver.o ./Src/GPIOxDriver.su ./Src/I2CDriver.d ./Src/I2CDriver.o ./Src/I2CDriver.su ./Src/MPUAccel.d ./Src/MPUAccel.o ./Src/MPUAccel.su ./Src/MotorsDriver.d ./Src/MotorsDriver.o ./Src/MotorsDriver.su ./Src/OLEDDriver.d ./Src/OLEDDriver.o ./Src/OLEDDriver.su ./Src/PIDDriver.d ./Src/PIDDriver.o ./Src/PIDDriver.su ./Src/PwmDriver.d ./Src/PwmDriver.o ./Src/PwmDriver.su ./Src/RCCHunMHz.d ./Src/RCCHunMHz.o ./Src/RCCHunMHz.su ./Src/RTCDriver.d ./Src/RTCDriver.o ./Src/RTCDriver.su ./Src/SPIDriver.d ./Src/SPIDriver.o ./Src/SPIDriver.su ./Src/SysTickDriver.d ./Src/SysTickDriver.o ./Src/SysTickDriver.su ./Src/USARTxDriver.d ./Src/USARTxDriver.o ./Src/USARTxDriver.su ./Src/syscalls.d ./Src/syscalls.o ./Src/syscalls.su ./Src/sysmem.d ./Src/sysmem.o ./Src/sysmem.su
rm -rf libPeripheralDriver.a
 
arm-none-eabi-gcc "../Src/AdcDriver.c" -mcpu=cortex-m4 -std=gnu11 -g3 -DDEBUG -DNUCLEO_F411RE -DSTM32 -DSTM32F4 -DSTM32F411RETx -DSTM32F411xE -c -I"/home/juan/FundamentosDeRobotica/Fun_de_Robotica_repositorio/PeripheralDriver/Inc" -I/home/juan/FundamentosDeRobotica/Fun_de_Robotica_repositorio/STM32Cube_FW_F4_V1.27.0/Drivers/CMSIS/Device/ST/STM32F4xx/Include -I/home/juan/FundamentosDeRobotica/Fun_de_Robotica_repositorio/STM32Cube_FW_F4_V1.27.0/Drivers/CMSIS/Core/Include -O0 -ffunction-sections -fdata-sections -Wall -fstack-usage -MMD -MP -MF"Src/AdcDriver.d" -MT"Src/AdcDriver.o" --specs=nano.specs -mfloat-abi=hard -mthumb -o "Src/AdcDriver.o"
arm-none-eabi-gcc "../Src/BasicTimer.c" -mcpu=cortex-m4 -std=gnu11 -g3 -DDEBUG -DNUCLEO_F411RE -DSTM32 -DSTM32F4 -DSTM32F411RETx -DSTM32F411xE -c -I"/home/juan/FundamentosDeRobotica/Fun_de_Robotica_repositorio/PeripheralDriver/Inc" -I/home/juan/FundamentosDeRobotica/Fun_de_Robotica_repositorio/STM32Cube_FW_F4_V1.27.0/Drivers/CMSIS/Device/ST/STM32F4xx/Include -I/home/juan/FundamentosDeRobotica/Fun_de_Robotica_repositorio/STM32Cube_FW_F4_V1.27.0/Drivers/CMSIS/Core/Include -O0 -ffunction-sections -fdata-sections -Wall -fstack-usage -MMD -MP -MF"Src/BasicTimer.d" -MT"Src/BasicTimer.o" --specs=nano.specs -mfloat-abi=hard -mthumb -o "Src/BasicTimer.o"
arm-none-eabi-gcc "../Src/CaptureFreqDriver.c" -mcpu=cortex-m4 -std=gnu11 -g3 -DDEBUG -DNUCLEO_F411RE -DSTM32 -DSTM32F4 -DSTM32F411RETx -DSTM32F411xE -c -I"/home/juan/FundamentosDeRobotica/Fun_de_Robotica_repositorio/PeripheralDriver/Inc" -I/home/juan/FundamentosDeRobotica/Fun_de_Robotica_repositorio/STM32Cube_FW_F4_V1.27.0/Drivers/CMSIS/Device/ST/STM32F4xx/Include -I/home/juan/FundamentosDeRobotica/Fun_de_Robotica_repositorio/STM32Cube_FW_F4_V1.27.0/Drivers/CMSIS/Core/Include -O0 -ffunction-sections -fdata-sections -Wall -fstack-usage -MMD -MP -MF"Src/CaptureFreqDriver.d" -MT"Src/CaptureFreqDriver.o" --specs=nano.specs -mfloat-abi=hard -mthumb -o "Src/CaptureFreqDriver.o"
arm-none-eabi-gcc "../Src/EXTIDriver.c" -mcpu=cortex-m4 -std=gnu11 -g3 -DDEBUG -DNUCLEO_F411RE -DSTM32 -DSTM32F4 -DSTM32F411RETx -DSTM32F411xE -c -I"/home/juan/FundamentosDeRobotica/Fun_de_Robotica_repositorio/PeripheralDriver/Inc" -I/home/juan/FundamentosDeRobotica/Fun_de_Robotica_repositorio/STM32Cube_FW_F4_V1.27.0/Drivers/CMSIS/Device/ST/STM32F4xx/Include -I/home/juan/FundamentosDeRobotica/Fun_de_Robotica_repositorio/STM32Cube_FW_F4_V1.27.0/Drivers/CMSIS/Core/Include -O0 -ffunction-sections -fdata-sections -Wall -fstack-usage -MMD -MP -MF"Src/EXTIDriver.d" -MT"Src/EXTIDriver.o" --specs=nano.specs -mfloat-abi=hard -mthumb -o "Src/EXTIDriver.o"
arm-none-eabi-gcc "../Src/FPUDriver.c" -mcpu=cortex-m4 -std=gnu11 -g3 -DDEBUG -DNUCLEO_F411RE -DSTM32 -DSTM32F4 -DSTM32F411RETx -DSTM32F411xE -c -I"/home/juan/FundamentosDeRobotica/Fun_de_Robotica_repositorio/PeripheralDriver/Inc" -I/home/juan/FundamentosDeRobotica/Fun_de_Robotica_repositorio/STM32Cube_FW_F4_V1.27.0/Drivers/CMSIS/Device/ST/STM32F4xx/Include -I/home/juan/FundamentosDeRobotica/Fun_de_Robotica_repositorio/STM32Cube_FW_F4_V1.27.0/Drivers/CMSIS/Core/Include -O0 -ffunction-sections -fdata-sections -Wall -fstack-usage -MMD -MP -MF"Src/FPUDriver.d" -MT"Src/FPUDriver.o" --specs=nano.specs -mfloat-abi=hard -mthumb -o "Src/FPUDriver.o"
arm-none-eabi-gcc "../Src/GPIOxDriver.c" -mcpu=cortex-m4 -std=gnu11 -g3 -DDEBUG -DNUCLEO_F411RE -DSTM32 -DSTM32F4 -DSTM32F411RETx -DSTM32F411xE -c -I"/home/juan/FundamentosDeRobotica/Fun_de_Robotica_repositorio/PeripheralDriver/Inc" -I/home/juan/FundamentosDeRobotica/Fun_de_Robotica_repositorio/STM32Cube_FW_F4_V1.27.0/Drivers/CMSIS/Device/ST/STM32F4xx/Include -I/home/juan/FundamentosDeRobotica/Fun_de_Robotica_repositorio/STM32Cube_FW_F4_V1.27.0/Drivers/CMSIS/Core/Include -O0 -ffunction-sections -fdata-sections -Wall -fstack-usage -MMD -MP -MF"Src/GPIOxDriver.d" -MT"Src/GPIOxDriver.o" --specs=nano.specs -mfloat-abi=hard -mthumb -o "Src/GPIOxDriver.o"
arm-none-eabi-gcc "../Src/I2CDriver.c" -mcpu=cortex-m4 -std=gnu11 -g3 -DDEBUG -DNUCLEO_F411RE -DSTM32 -DSTM32F4 -DSTM32F411RETx -DSTM32F411xE -c -I"/home/juan/FundamentosDeRobotica/Fun_de_Robotica_repositorio/PeripheralDriver/Inc" -I/home/juan/FundamentosDeRobotica/Fun_de_Robotica_repositorio/STM32Cube_FW_F4_V1.27.0/Drivers/CMSIS/Device/ST/STM32F4xx/Include -I/home/juan/FundamentosDeRobotica/Fun_de_Robotica_repositorio/STM32Cube_FW_F4_V1.27.0/Drivers/CMSIS/Core/Include -O0 -ffunction-sections -fdata-sections -Wall -fstack-usage -MMD -MP -MF"Src/I2CDriver.d" -MT"Src/I2CDriver.o" --specs=nano.specs -mfloat-abi=hard -mthumb -o "Src/I2CDriver.o"
arm-none-eabi-gcc "../Src/MPUAccel.c" -mcpu=cortex-m4 -std=gnu11 -g3 -DDEBUG -DNUCLEO_F411RE -DSTM32 -DSTM32F4 -DSTM32F411RETx -DSTM32F411xE -c -I"/home/juan/FundamentosDeRobotica/Fun_de_Robotica_repositorio/PeripheralDriver/Inc" -I/home/juan/FundamentosDeRobotica/Fun_de_Robotica_repositorio/STM32Cube_FW_F4_V1.27.0/Drivers/CMSIS/Device/ST/STM32F4xx/Include -I/home/juan/FundamentosDeRobotica/Fun_de_Robotica_repositorio/STM32Cube_FW_F4_V1.27.0/Drivers/CMSIS/Core/Include -O0 -ffunction-sections -fdata-sections -Wall -fstack-usage -MMD -MP -MF"Src/MPUAccel.d" -MT"Src/MPUAccel.o" --specs=nano.specs -mfloat-abi=hard -mthumb -o "Src/MPUAccel.o"
arm-none-eabi-gcc "../Src/MotorsDriver.c" -mcpu=cortex-m4 -std=gnu11 -g3 -DDEBUG -DNUCLEO_F411RE -DSTM32 -DSTM32F4 -DSTM32F411RETx -DSTM32F411xE -c -I"/home/juan/FundamentosDeRobotica/Fun_de_Robotica_repositorio/PeripheralDriver/Inc" -I/home/juan/FundamentosDeRobotica/Fun_de_Robotica_repositorio/STM32Cube_FW_F4_V1.27.0/Drivers/CMSIS/Device/ST/STM32F4xx/Include -I/home/juan/FundamentosDeRobotica/Fun_de_Robotica_repositorio/STM32Cube_FW_F4_V1.27.0/Drivers/CMSIS/Core/Include -O0 -ffunction-sections -fdata-sections -Wall -fstack-usage -MMD -MP -MF"Src/MotorsDriver.d" -MT"Src/MotorsDriver.o" --specs=nano.specs -mfloat-abi=hard -mthumb -o "Src/MotorsDriver.o"
arm-none-eabi-gcc "../Src/OLEDDriver.c" -mcpu=cortex-m4 -std=gnu11 -g3 -DDEBUG -DNUCLEO_F411RE -DSTM32 -DSTM32F4 -DSTM32F411RETx -DSTM32F411xE -c -I"/home/juan/FundamentosDeRobotica/Fun_de_Robotica_repositorio/PeripheralDriver/Inc" -I/home/juan/FundamentosDeRobotica/Fun_de_Robotica_repositorio/STM32Cube_FW_F4_V1.27.0/Drivers/CMSIS/Device/ST/STM32F4xx/Include -I/home/juan/FundamentosDeRobotica/Fun_de_Robotica_repositorio/STM32Cube_FW_F4_V1.27.0/Drivers/CMSIS/Core/Include -O0 -ffunction-sections -fdata-sections -Wall -fstack-usage -MMD -MP -MF"Src/OLEDDriver.d" -MT"Src/OLEDDriver.o" --specs=nano.specs -mfloat-abi=hard -mthumb -o "Src/OLEDDriver.o"
arm-none-eabi-gcc "../Src/PIDDriver.c" -mcpu=cortex-m4 -std=gnu11 -g3 -DDEBUG -DNUCLEO_F411RE -DSTM32 -DSTM32F4 -DSTM32F411RETx -DSTM32F411xE -c -I"/home/juan/FundamentosDeRobotica/Fun_de_Robotica_repositorio/PeripheralDriver/Inc" -I/home/juan/FundamentosDeRobotica/Fun_de_Robotica_repositorio/STM32Cube_FW_F4_V1.27.0/Drivers/CMSIS/Device/ST/STM32F4xx/Include -I/home/juan/FundamentosDeRobotica/Fun_de_Robotica_repositorio/STM32Cube_FW_F4_V1.27.0/Drivers/CMSIS/Core/Include -O0 -ffunction-sections -fdata-sections -Wall -fstack-usage -MMD -MP -MF"Src/PIDDriver.d" -MT"Src/PIDDriver.o" --specs=nano.specs -mfloat-abi=hard -mthumb -o "Src/PIDDriver.o"
arm-none-eabi-gcc "../Src/PwmDriver.c" -mcpu=cortex-m4 -std=gnu11 -g3 -DDEBUG -DNUCLEO_F411RE -DSTM32 -DSTM32F4 -DSTM32F411RETx -DSTM32F411xE -c -I"/home/juan/FundamentosDeRobotica/Fun_de_Robotica_repositorio/PeripheralDriver/Inc" -I/home/juan/FundamentosDeRobotica/Fun_de_Robotica_repositorio/STM32Cube_FW_F4_V1.27.0/Drivers/CMSIS/Device/ST/STM32F4xx/Include -I/home/juan/FundamentosDeRobotica/Fun_de_Robotica_repositorio/STM32Cube_FW_F4_V1.27.0/Drivers/CMSIS/Core/Include -O0 -ffunction-sections -fdata-sections -Wall -fstack-usage -MMD -MP -MF"Src/PwmDriver.d" -MT"Src/PwmDriver.o" --specs=nano.specs -mfloat-abi=hard -mthumb -o "Src/PwmDriver.o"
arm-none-eabi-gcc "../Src/RCCHunMHz.c" -mcpu=cortex-m4 -std=gnu11 -g3 -DDEBUG -DNUCLEO_F411RE -DSTM32 -DSTM32F4 -DSTM32F411RETx -DSTM32F411xE -c -I"/home/juan/FundamentosDeRobotica/Fun_de_Robotica_repositorio/PeripheralDriver/Inc" -I/home/juan/FundamentosDeRobotica/Fun_de_Robotica_repositorio/STM32Cube_FW_F4_V1.27.0/Drivers/CMSIS/Device/ST/STM32F4xx/Include -I/home/juan/FundamentosDeRobotica/Fun_de_Robotica_repositorio/STM32Cube_FW_F4_V1.27.0/Drivers/CMSIS/Core/Include -O0 -ffunction-sections -fdata-sections -Wall -fstack-usage -MMD -MP -MF"Src/RCCHunMHz.d" -MT"Src/RCCHunMHz.o" --specs=nano.specs -mfloat-abi=hard -mthumb -o "Src/RCCHunMHz.o"
arm-none-eabi-gcc "../Src/RTCDriver.c" -mcpu=cortex-m4 -std=gnu11 -g3 -DDEBUG -DNUCLEO_F411RE -DSTM32 -DSTM32F4 -DSTM32F411RETx -DSTM32F411xE -c -I"/home/juan/FundamentosDeRobotica/Fun_de_Robotica_repositorio/PeripheralDriver/Inc" -I/home/juan/FundamentosDeRobotica/Fun_de_Robotica_repositorio/STM32Cube_FW_F4_V1.27.0/Drivers/CMSIS/Device/ST/STM32F4xx/Include -I/home/juan/FundamentosDeRobotica/Fun_de_Robotica_repositorio/STM32Cube_FW_F4_V1.27.0/Drivers/CMSIS/Core/Include -O0 -ffunction-sections -fdata-sections -Wall -fstack-usage -MMD -MP -MF"Src/RTCDriver.d" -MT"Src/RTCDriver.o" --specs=nano.specs -mfloat-abi=hard -mthumb -o "Src/RTCDriver.o"
make: *** [Src/subdir.mk:73: Src/RTCDriver.o] Terminated
Command canceled
15:37:42 **** Incremental Build of configuration Debug for project Pruebas_sin_FreeRTOS ****
make -j12 all 
arm-none-eabi-size   Pruebas_sin_FreeRTOS.elf 
   text	   data	    bss	    dec	    hex	filename
  41888	    488	   2528	  44904	   af68	Pruebas_sin_FreeRTOS.elf
Finished building: default.size.stdout
 
15:38:47 **** Incremental Build of configuration Debug for project Pruebas_sin_FreeRTOS ****
make -j12 all 
arm-none-eabi-size   Pruebas_sin_FreeRTOS.elf 
   text	   data	    bss	    dec	    hex	filename
  41888	    488	   2528	  44904	   af68	Pruebas_sin_FreeRTOS.elf
Finished building: default.size.stdout
 
15:41:42 **** Incremental Build of configuration Debug for project Pruebas_sin_FreeRTOS ****
make -j12 all 
arm-none-eabi-gcc "../Src/main.c" -mcpu=cortex-m4 -std=gnu11 -g3 -DDEBUG -DNUCLEO_F411RE -DSTM32 -DSTM32F4 -DSTM32F411RETx -DSTM32F411xE=1 -c -I"/home/juan/FundamentosDeRobotica/Fun_de_Robotica_repositorio/Pruebas_sin_FreeRTOS/ThirdParty/FreeRTOS/include" -I"/home/juan/FundamentosDeRobotica/Fun_de_Robotica_repositorio/Pruebas_sin_FreeRTOS/ThirdParty/FreeRTOS/portable/GCC/ARM_CM4F" -I"/home/juan/FundamentosDeRobotica/Fun_de_Robotica_repositorio/Pruebas_sin_FreeRTOS/ThirdParty/SEGGER/Config" -I"/home/juan/FundamentosDeRobotica/Fun_de_Robotica_repositorio/Pruebas_sin_FreeRTOS/ThirdParty/SEGGER/OS" -I"/home/juan/FundamentosDeRobotica/Fun_de_Robotica_repositorio/Pruebas_sin_FreeRTOS/ThirdParty/SEGGER/SEGGER" -I"/home/juan/FundamentosDeRobotica/Fun_de_Robotica_repositorio/Pruebas_sin_FreeRTOS/Inc" -I/home/juan/FundamentosDeRobotica/Fun_de_Robotica_repositorio/STM32Cube_FW_F4_V1.27.0/Drivers/CMSIS/Device/ST/STM32F4xx/Include -I/home/juan/FundamentosDeRobotica/Fun_de_Robotica_repositorio/STM32Cube_FW_F4_V1.27.0/Drivers/CMSIS/Core/Include -I/home/juan/FundamentosDeRobotica/Fun_de_Robotica_repositorio/PeripheralDriver/Inc -O0 -ffunction-sections -fdata-sections -Wall -fstack-usage -MMD -MP -MF"Src/main.d" -MT"Src/main.o" --specs=nano.specs -mfpu=fpv4-sp-d16 -mfloat-abi=hard -mthumb -o "Src/main.o"
arm-none-eabi-gcc -o "Pruebas_sin_FreeRTOS.elf" @"objects.list"  -lPeripheralDriver -mcpu=cortex-m4 -T"/home/juan/FundamentosDeRobotica/Fun_de_Robotica_repositorio/Pruebas_sin_FreeRTOS/STM32F411RETX_FLASH.ld" --specs=nosys.specs -Wl,-Map="Pruebas_sin_FreeRTOS.map" -Wl,--gc-sections -static -L"/home/juan/FundamentosDeRobotica/Fun_de_Robotica_repositorio/PeripheralDriver/Debug" --specs=nano.specs -mfpu=fpv4-sp-d16 -mfloat-abi=hard -mthumb -u _printf_float -Wl,--start-group -lc -lm -Wl,--end-group
/home/juan/st/stm32cubeide_1.10.1/plugins/com.st.stm32cube.ide.mcu.externaltools.gnu-tools-for-stm32.10.3-2021.10.linux64_1.0.0.202111181127/tools/bin/../lib/gcc/arm-none-eabi/10.3.1/../../../../arm-none-eabi/bin/ld: cannot find -lPeripheralDriver
collect2: error: ld returned 1 exit status
make: *** [makefile:63: Pruebas_sin_FreeRTOS.elf] Error 1
"make -j12 all" terminated with exit code 2. Build might be incomplete.
15:42:45 **** Incremental Build of configuration Debug for project Pruebas_sin_FreeRTOS ****
make -j12 all 
arm-none-eabi-gcc -o "Pruebas_sin_FreeRTOS.elf" @"objects.list"  -lPeripheralDriver -mcpu=cortex-m4 -T"/home/juan/FundamentosDeRobotica/Fun_de_Robotica_repositorio/Pruebas_sin_FreeRTOS/STM32F411RETX_FLASH.ld" --specs=nosys.specs -Wl,-Map="Pruebas_sin_FreeRTOS.map" -Wl,--gc-sections -static -L"/home/juan/FundamentosDeRobotica/Fun_de_Robotica_repositorio/PeripheralDriver/Debug" --specs=nano.specs -mfpu=fpv4-sp-d16 -mfloat-abi=hard -mthumb -u _printf_float -Wl,--start-group -lc -lm -Wl,--end-group
/home/juan/st/stm32cubeide_1.10.1/plugins/com.st.stm32cube.ide.mcu.externaltools.gnu-tools-for-stm32.10.3-2021.10.linux64_1.0.0.202111181127/tools/bin/../lib/gcc/arm-none-eabi/10.3.1/../../../../arm-none-eabi/bin/ld: cannot find -lPeripheralDriver
collect2: error: ld returned 1 exit status
make: *** [makefile:63: Pruebas_sin_FreeRTOS.elf] Error 1
"make -j12 all" terminated with exit code 2. Build might be incomplete.
15:43:46 **** Incremental Build of configuration Debug for project Pruebas_sin_FreeRTOS ****
make -j12 all 
makefile:63: *** unterminated variable reference.  Stop.
"make -j12 all" terminated with exit code 2. Build might be incomplete.
