18:09:30 **** Incremental Build of configuration Debug for project Pruebas_sin_FreeRTOS ****
make -j12 all 
arm-none-eabi-gcc -o "Pruebas_sin_FreeRTOS.elf" @"objects.list"  -lPeripheralDriver -mcpu=cortex-m4 -T"/home/juan/FundamentosDeRobotica/Fun_de_Robotica_repositorio/Pruebas_sin_FreeRTOS/STM32F411RETX_FLASH.ld" --specs=nosys.specs -Wl,-Map="Pruebas_sin_FreeRTOS.map" -Wl,--gc-sections -static -L/home/juan/FundamentosDeRobotica/Fun_de_Robotica_repositorio/PeripheralDriver/Debug --specs=nano.specs -mfpu=fpv4-sp-d16 -mfloat-abi=hard -mthumb -u _printf_float -Wl,--start-group -lc -lm -Wl,--end-group
Finished building target: Pruebas_sin_FreeRTOS.elf
 
arm-none-eabi-size   Pruebas_sin_FreeRTOS.elf 
arm-none-eabi-objdump -h -S  Pruebas_sin_FreeRTOS.elf  > "Pruebas_sin_FreeRTOS.list"
   text	   data	    bss	    dec	    hex	filename
  41968	    488	   2528	  44984	   afb8	Pruebas_sin_FreeRTOS.elf
Finished building: default.size.stdout
 
Finished building: Pruebas_sin_FreeRTOS.list
 
18:09:32 **** Incremental Build of configuration Debug for project Pruebas_sin_FreeRTOS ****
make -j12 all 
arm-none-eabi-size   Pruebas_sin_FreeRTOS.elf 
   text	   data	    bss	    dec	    hex	filename
  41968	    488	   2528	  44984	   afb8	Pruebas_sin_FreeRTOS.elf
Finished building: default.size.stdout
 
18:23:02 **** Incremental Build of configuration Debug for project Pruebas_sin_FreeRTOS ****
make -j12 all 
arm-none-eabi-size   Pruebas_sin_FreeRTOS.elf 
   text	   data	    bss	    dec	    hex	filename
  41968	    488	   2528	  44984	   afb8	Pruebas_sin_FreeRTOS.elf
Finished building: default.size.stdout
 
