02:11:42 **** Build of configuration Debug for project Pruebas_sin_FreeRTOS ****
make -j12 all 
arm-none-eabi-gcc "../Src/main.c" -mcpu=cortex-m4 -std=gnu11 -g3 -DDEBUG -DNUCLEO_F411RE -DSTM32 -DSTM32F4 -DSTM32F411RETx -DSTM32F411xE=1 -c -I"/home/juan/FundamentosDeRobotica/Fun_de_Robotica_repositorio/Pruebas_sin_FreeRTOS/ThirdParty/FreeRTOS/include" -I"/home/juan/FundamentosDeRobotica/Fun_de_Robotica_repositorio/Pruebas_sin_FreeRTOS/ThirdParty/FreeRTOS/portable/GCC/ARM_CM4F" -I"/home/juan/FundamentosDeRobotica/Fun_de_Robotica_repositorio/Pruebas_sin_FreeRTOS/ThirdParty/SEGGER/Config" -I"/home/juan/FundamentosDeRobotica/Fun_de_Robotica_repositorio/Pruebas_sin_FreeRTOS/ThirdParty/SEGGER/OS" -I"/home/juan/FundamentosDeRobotica/Fun_de_Robotica_repositorio/Pruebas_sin_FreeRTOS/ThirdParty/SEGGER/SEGGER" -I"/home/juan/FundamentosDeRobotica/Fun_de_Robotica_repositorio/Pruebas_sin_FreeRTOS/Inc" -I"/home/juan/FundamentosDeRobotica/Fun_de_Robotica_repositorio/PeripheralDrivers/Inc" -I"/home/juan/FundamentosDeRobotica/Fun_de_Robotica_repositorio/STM32Cube_FW_F4_V1.27.0/Drivers/CMSIS/Device/ST/STM32F4xx/Include" -I"/home/juan/FundamentosDeRobotica/Fun_de_Robotica_repositorio/STM32Cube_FW_F4_V1.27.0/Drivers/CMSIS/Core/Include" -O0 -ffunction-sections -fdata-sections -Wall -fstack-usage -MMD -MP -MF"Src/main.d" -MT"Src/main.o" --specs=nano.specs -mfpu=fpv4-sp-d16 -mfloat-abi=hard -mthumb -o "Src/main.o"
arm-none-eabi-gcc "../Src/syscalls.c" -mcpu=cortex-m4 -std=gnu11 -g3 -DDEBUG -DNUCLEO_F411RE -DSTM32 -DSTM32F4 -DSTM32F411RETx -DSTM32F411xE=1 -c -I"/home/juan/FundamentosDeRobotica/Fun_de_Robotica_repositorio/Pruebas_sin_FreeRTOS/ThirdParty/FreeRTOS/include" -I"/home/juan/FundamentosDeRobotica/Fun_de_Robotica_repositorio/Pruebas_sin_FreeRTOS/ThirdParty/FreeRTOS/portable/GCC/ARM_CM4F" -I"/home/juan/FundamentosDeRobotica/Fun_de_Robotica_repositorio/Pruebas_sin_FreeRTOS/ThirdParty/SEGGER/Config" -I"/home/juan/FundamentosDeRobotica/Fun_de_Robotica_repositorio/Pruebas_sin_FreeRTOS/ThirdParty/SEGGER/OS" -I"/home/juan/FundamentosDeRobotica/Fun_de_Robotica_repositorio/Pruebas_sin_FreeRTOS/ThirdParty/SEGGER/SEGGER" -I"/home/juan/FundamentosDeRobotica/Fun_de_Robotica_repositorio/Pruebas_sin_FreeRTOS/Inc" -I"/home/juan/FundamentosDeRobotica/Fun_de_Robotica_repositorio/PeripheralDrivers/Inc" -I"/home/juan/FundamentosDeRobotica/Fun_de_Robotica_repositorio/STM32Cube_FW_F4_V1.27.0/Drivers/CMSIS/Device/ST/STM32F4xx/Include" -I"/home/juan/FundamentosDeRobotica/Fun_de_Robotica_repositorio/STM32Cube_FW_F4_V1.27.0/Drivers/CMSIS/Core/Include" -O0 -ffunction-sections -fdata-sections -Wall -fstack-usage -MMD -MP -MF"Src/syscalls.d" -MT"Src/syscalls.o" --specs=nano.specs -mfpu=fpv4-sp-d16 -mfloat-abi=hard -mthumb -o "Src/syscalls.o"
arm-none-eabi-gcc -o "Pruebas_sin_FreeRTOS.elf" @"objects.list"  -lPeripheralDrivers -mcpu=cortex-m4 -T"/home/juan/FundamentosDeRobotica/Fun_de_Robotica_repositorio/Pruebas_sin_FreeRTOS/STM32F411RETX_FLASH.ld" --specs=nosys.specs -Wl,-Map="Pruebas_sin_FreeRTOS.map" -Wl,--gc-sections -static -L/home/juan/FundamentosDeRobotica/Fun_de_Robotica_repositorio/PeripheralDrivers/Debug --specs=nano.specs -mfpu=fpv4-sp-d16 -mfloat-abi=hard -mthumb -u _printf_float -Wl,--start-group -lc -lm -Wl,--end-group
Finished building target: Pruebas_sin_FreeRTOS.elf
 
arm-none-eabi-size   Pruebas_sin_FreeRTOS.elf 
arm-none-eabi-objdump -h -S  Pruebas_sin_FreeRTOS.elf  > "Pruebas_sin_FreeRTOS.list"
   text	   data	    bss	    dec	    hex	filename
  43248	    488	   2328	  46064	   b3f0	Pruebas_sin_FreeRTOS.elf
Finished building: default.size.stdout
 
Finished building: Pruebas_sin_FreeRTOS.list
 

02:11:43 Build Finished. 0 errors, 0 warnings. (took 545ms)

